// Jest Snapshot v1, https://goo.gl/fbAQLP

exports[`<App /> renders correctly 1`] = `
<div
  className="welcome"
>
  Какая-та ошибка
  <button
    className="button welcome__button"
    onClick={[Function]}
  >
    Start Game
  </button>
</div>
`;
